nunit.framework.dll,2.6.3.13283,NUnit.Framework,86
nunit.framework.dll,2.6.3.13283,NUnit.Framework.Constraints,122
