NUnit.Framework,ActionTargets,C:\Users\dalpert\dev\Selanger.git\Selanger.Tests\bin\Debug,nunit.framework.dll,2.6.3.13283
NUnit.Framework,Assert,C:\Users\dalpert\dev\Selanger.git\Selanger.Tests\bin\Debug,nunit.framework.dll,2.6.3.13283
NUnit.Framework,AssertionException,C:\Users\dalpert\dev\Selanger.git\Selanger.Tests\bin\Debug,nunit.framework.dll,2.6.3.13283
NUnit.Framework,AssertionHelper,C:\Users\dalpert\dev\Selanger.git\Selanger.Tests\bin\Debug,nunit.framework.dll,2.6.3.13283
NUnit.Framework,Assume,C:\Users\dalpert\dev\Selanger.git\Selanger.Tests\bin\Debug,nunit.framework.dll,2.6.3.13283
NUnit.Framework,AsyncInvocationRegion,C:\Users\dalpert\dev\Selanger.git\Selanger.Tests\bin\Debug,nunit.framework.dll,2.6.3.13283
NUnit.Framework,AsyncTaskInvocationRegion,C:\Users\dalpert\dev\Selanger.git\Selanger.Tests\bin\Debug,nunit.framework.dll,2.6.3.13283
NUnit.Framework,AsyncVoidInvocationRegion,C:\Users\dalpert\dev\Selanger.git\Selanger.Tests\bin\Debug,nunit.framework.dll,2.6.3.13283
NUnit.Framework,AsyncSynchronizationContext,C:\Users\dalpert\dev\Selanger.git\Selanger.Tests\bin\Debug,nunit.framework.dll,2.6.3.13283
NUnit.Framework,AsyncOperation,C:\Users\dalpert\dev\Selanger.git\Selanger.Tests\bin\Debug,nunit.framework.dll,2.6.3.13283
NUnit.Framework,AsyncOperationQueue,C:\Users\dalpert\dev\Selanger.git\Selanger.Tests\bin\Debug,nunit.framework.dll,2.6.3.13283
NUnit.Framework,CategoryAttribute,C:\Users\dalpert\dev\Selanger.git\Selanger.Tests\bin\Debug,nunit.framework.dll,2.6.3.13283
NUnit.Framework,CollectionAssert,C:\Users\dalpert\dev\Selanger.git\Selanger.Tests\bin\Debug,nunit.framework.dll,2.6.3.13283
NUnit.Framework,CombinatorialAttribute,C:\Users\dalpert\dev\Selanger.git\Selanger.Tests\bin\Debug,nunit.framework.dll,2.6.3.13283
NUnit.Framework,Contains,C:\Users\dalpert\dev\Selanger.git\Selanger.Tests\bin\Debug,nunit.framework.dll,2.6.3.13283
NUnit.Framework,CultureAttribute,C:\Users\dalpert\dev\Selanger.git\Selanger.Tests\bin\Debug,nunit.framework.dll,2.6.3.13283
NUnit.Framework,DatapointAttribute,C:\Users\dalpert\dev\Selanger.git\Selanger.Tests\bin\Debug,nunit.framework.dll,2.6.3.13283
NUnit.Framework,DatapointsAttribute,C:\Users\dalpert\dev\Selanger.git\Selanger.Tests\bin\Debug,nunit.framework.dll,2.6.3.13283
NUnit.Framework,DescriptionAttribute,C:\Users\dalpert\dev\Selanger.git\Selanger.Tests\bin\Debug,nunit.framework.dll,2.6.3.13283
NUnit.Framework,DirectoryAssert,C:\Users\dalpert\dev\Selanger.git\Selanger.Tests\bin\Debug,nunit.framework.dll,2.6.3.13283
NUnit.Framework,ExpectedExceptionAttribute,C:\Users\dalpert\dev\Selanger.git\Selanger.Tests\bin\Debug,nunit.framework.dll,2.6.3.13283
NUnit.Framework,ExplicitAttribute,C:\Users\dalpert\dev\Selanger.git\Selanger.Tests\bin\Debug,nunit.framework.dll,2.6.3.13283
NUnit.Framework,FileAssert,C:\Users\dalpert\dev\Selanger.git\Selanger.Tests\bin\Debug,nunit.framework.dll,2.6.3.13283
NUnit.Framework,GlobalSettings,C:\Users\dalpert\dev\Selanger.git\Selanger.Tests\bin\Debug,nunit.framework.dll,2.6.3.13283
NUnit.Framework,Guard,C:\Users\dalpert\dev\Selanger.git\Selanger.Tests\bin\Debug,nunit.framework.dll,2.6.3.13283
NUnit.Framework,Has,C:\Users\dalpert\dev\Selanger.git\Selanger.Tests\bin\Debug,nunit.framework.dll,2.6.3.13283
NUnit.Framework,IExpectException,C:\Users\dalpert\dev\Selanger.git\Selanger.Tests\bin\Debug,nunit.framework.dll,2.6.3.13283
NUnit.Framework,INUnitEqualityComparer,C:\Users\dalpert\dev\Selanger.git\Selanger.Tests\bin\Debug,nunit.framework.dll,2.6.3.13283
NUnit.Framework,INUnitEqualityComparer`1,C:\Users\dalpert\dev\Selanger.git\Selanger.Tests\bin\Debug,nunit.framework.dll,2.6.3.13283
NUnit.Framework,ITestAction,C:\Users\dalpert\dev\Selanger.git\Selanger.Tests\bin\Debug,nunit.framework.dll,2.6.3.13283
NUnit.Framework,ITestCaseData,C:\Users\dalpert\dev\Selanger.git\Selanger.Tests\bin\Debug,nunit.framework.dll,2.6.3.13283
NUnit.Framework,IgnoreAttribute,C:\Users\dalpert\dev\Selanger.git\Selanger.Tests\bin\Debug,nunit.framework.dll,2.6.3.13283
NUnit.Framework,IgnoreException,C:\Users\dalpert\dev\Selanger.git\Selanger.Tests\bin\Debug,nunit.framework.dll,2.6.3.13283
NUnit.Framework,IncludeExcludeAttribute,C:\Users\dalpert\dev\Selanger.git\Selanger.Tests\bin\Debug,nunit.framework.dll,2.6.3.13283
NUnit.Framework,InconclusiveException,C:\Users\dalpert\dev\Selanger.git\Selanger.Tests\bin\Debug,nunit.framework.dll,2.6.3.13283
NUnit.Framework,Is,C:\Users\dalpert\dev\Selanger.git\Selanger.Tests\bin\Debug,nunit.framework.dll,2.6.3.13283
NUnit.Framework,Iz,C:\Users\dalpert\dev\Selanger.git\Selanger.Tests\bin\Debug,nunit.framework.dll,2.6.3.13283
NUnit.Framework,List,C:\Users\dalpert\dev\Selanger.git\Selanger.Tests\bin\Debug,nunit.framework.dll,2.6.3.13283
NUnit.Framework,ListMapper,C:\Users\dalpert\dev\Selanger.git\Selanger.Tests\bin\Debug,nunit.framework.dll,2.6.3.13283
NUnit.Framework,MaxTimeAttribute,C:\Users\dalpert\dev\Selanger.git\Selanger.Tests\bin\Debug,nunit.framework.dll,2.6.3.13283
NUnit.Framework,MessageMatch,C:\Users\dalpert\dev\Selanger.git\Selanger.Tests\bin\Debug,nunit.framework.dll,2.6.3.13283
NUnit.Framework,PairwiseAttribute,C:\Users\dalpert\dev\Selanger.git\Selanger.Tests\bin\Debug,nunit.framework.dll,2.6.3.13283
NUnit.Framework,ParameterDataAttribute,C:\Users\dalpert\dev\Selanger.git\Selanger.Tests\bin\Debug,nunit.framework.dll,2.6.3.13283
NUnit.Framework,PlatformAttribute,C:\Users\dalpert\dev\Selanger.git\Selanger.Tests\bin\Debug,nunit.framework.dll,2.6.3.13283
NUnit.Framework,PropertyAttribute,C:\Users\dalpert\dev\Selanger.git\Selanger.Tests\bin\Debug,nunit.framework.dll,2.6.3.13283
NUnit.Framework,RandomAttribute,C:\Users\dalpert\dev\Selanger.git\Selanger.Tests\bin\Debug,nunit.framework.dll,2.6.3.13283
NUnit.Framework,SampleType,C:\Users\dalpert\dev\Selanger.git\Selanger.Tests\bin\Debug,nunit.framework.dll,2.6.3.13283
NUnit.Framework,Randomizer,C:\Users\dalpert\dev\Selanger.git\Selanger.Tests\bin\Debug,nunit.framework.dll,2.6.3.13283
NUnit.Framework,RangeAttribute,C:\Users\dalpert\dev\Selanger.git\Selanger.Tests\bin\Debug,nunit.framework.dll,2.6.3.13283
NUnit.Framework,RepeatAttribute,C:\Users\dalpert\dev\Selanger.git\Selanger.Tests\bin\Debug,nunit.framework.dll,2.6.3.13283
NUnit.Framework,RequiredAddinAttribute,C:\Users\dalpert\dev\Selanger.git\Selanger.Tests\bin\Debug,nunit.framework.dll,2.6.3.13283
NUnit.Framework,RequiresMTAAttribute,C:\Users\dalpert\dev\Selanger.git\Selanger.Tests\bin\Debug,nunit.framework.dll,2.6.3.13283
NUnit.Framework,RequiresSTAAttribute,C:\Users\dalpert\dev\Selanger.git\Selanger.Tests\bin\Debug,nunit.framework.dll,2.6.3.13283
NUnit.Framework,RequiresThreadAttribute,C:\Users\dalpert\dev\Selanger.git\Selanger.Tests\bin\Debug,nunit.framework.dll,2.6.3.13283
NUnit.Framework,SequentialAttribute,C:\Users\dalpert\dev\Selanger.git\Selanger.Tests\bin\Debug,nunit.framework.dll,2.6.3.13283
NUnit.Framework,SetCultureAttribute,C:\Users\dalpert\dev\Selanger.git\Selanger.Tests\bin\Debug,nunit.framework.dll,2.6.3.13283
NUnit.Framework,SetUICultureAttribute,C:\Users\dalpert\dev\Selanger.git\Selanger.Tests\bin\Debug,nunit.framework.dll,2.6.3.13283
NUnit.Framework,SetUpAttribute,C:\Users\dalpert\dev\Selanger.git\Selanger.Tests\bin\Debug,nunit.framework.dll,2.6.3.13283
NUnit.Framework,SetUpFixtureAttribute,C:\Users\dalpert\dev\Selanger.git\Selanger.Tests\bin\Debug,nunit.framework.dll,2.6.3.13283
NUnit.Framework,SpecialValue,C:\Users\dalpert\dev\Selanger.git\Selanger.Tests\bin\Debug,nunit.framework.dll,2.6.3.13283
NUnit.Framework,StringAssert,C:\Users\dalpert\dev\Selanger.git\Selanger.Tests\bin\Debug,nunit.framework.dll,2.6.3.13283
NUnit.Framework,SuccessException,C:\Users\dalpert\dev\Selanger.git\Selanger.Tests\bin\Debug,nunit.framework.dll,2.6.3.13283
NUnit.Framework,SuiteAttribute,C:\Users\dalpert\dev\Selanger.git\Selanger.Tests\bin\Debug,nunit.framework.dll,2.6.3.13283
NUnit.Framework,TearDownAttribute,C:\Users\dalpert\dev\Selanger.git\Selanger.Tests\bin\Debug,nunit.framework.dll,2.6.3.13283
NUnit.Framework,TestActionAttribute,C:\Users\dalpert\dev\Selanger.git\Selanger.Tests\bin\Debug,nunit.framework.dll,2.6.3.13283
NUnit.Framework,TestAttribute,C:\Users\dalpert\dev\Selanger.git\Selanger.Tests\bin\Debug,nunit.framework.dll,2.6.3.13283
NUnit.Framework,TestCaseAttribute,C:\Users\dalpert\dev\Selanger.git\Selanger.Tests\bin\Debug,nunit.framework.dll,2.6.3.13283
NUnit.Framework,TestCaseData,C:\Users\dalpert\dev\Selanger.git\Selanger.Tests\bin\Debug,nunit.framework.dll,2.6.3.13283
NUnit.Framework,TestCaseSourceAttribute,C:\Users\dalpert\dev\Selanger.git\Selanger.Tests\bin\Debug,nunit.framework.dll,2.6.3.13283
NUnit.Framework,TestContext,C:\Users\dalpert\dev\Selanger.git\Selanger.Tests\bin\Debug,nunit.framework.dll,2.6.3.13283
NUnit.Framework,ResultAdapter,C:\Users\dalpert\dev\Selanger.git\Selanger.Tests\bin\Debug,nunit.framework.dll,2.6.3.13283
NUnit.Framework,TestAdapter,C:\Users\dalpert\dev\Selanger.git\Selanger.Tests\bin\Debug,nunit.framework.dll,2.6.3.13283
NUnit.Framework,TestDelegate,C:\Users\dalpert\dev\Selanger.git\Selanger.Tests\bin\Debug,nunit.framework.dll,2.6.3.13283
NUnit.Framework,TestDetails,C:\Users\dalpert\dev\Selanger.git\Selanger.Tests\bin\Debug,nunit.framework.dll,2.6.3.13283
NUnit.Framework,TestFixtureAttribute,C:\Users\dalpert\dev\Selanger.git\Selanger.Tests\bin\Debug,nunit.framework.dll,2.6.3.13283
NUnit.Framework,TestFixtureSetUpAttribute,C:\Users\dalpert\dev\Selanger.git\Selanger.Tests\bin\Debug,nunit.framework.dll,2.6.3.13283
NUnit.Framework,TestFixtureTearDownAttribute,C:\Users\dalpert\dev\Selanger.git\Selanger.Tests\bin\Debug,nunit.framework.dll,2.6.3.13283
NUnit.Framework,TestState,C:\Users\dalpert\dev\Selanger.git\Selanger.Tests\bin\Debug,nunit.framework.dll,2.6.3.13283
NUnit.Framework,TestStatus,C:\Users\dalpert\dev\Selanger.git\Selanger.Tests\bin\Debug,nunit.framework.dll,2.6.3.13283
NUnit.Framework,Text,C:\Users\dalpert\dev\Selanger.git\Selanger.Tests\bin\Debug,nunit.framework.dll,2.6.3.13283
NUnit.Framework,TextMessageWriter,C:\Users\dalpert\dev\Selanger.git\Selanger.Tests\bin\Debug,nunit.framework.dll,2.6.3.13283
NUnit.Framework,TheoryAttribute,C:\Users\dalpert\dev\Selanger.git\Selanger.Tests\bin\Debug,nunit.framework.dll,2.6.3.13283
NUnit.Framework,Throws,C:\Users\dalpert\dev\Selanger.git\Selanger.Tests\bin\Debug,nunit.framework.dll,2.6.3.13283
NUnit.Framework,TimeoutAttribute,C:\Users\dalpert\dev\Selanger.git\Selanger.Tests\bin\Debug,nunit.framework.dll,2.6.3.13283
NUnit.Framework,ValueSourceAttribute,C:\Users\dalpert\dev\Selanger.git\Selanger.Tests\bin\Debug,nunit.framework.dll,2.6.3.13283
NUnit.Framework,ValuesAttribute,C:\Users\dalpert\dev\Selanger.git\Selanger.Tests\bin\Debug,nunit.framework.dll,2.6.3.13283
NUnit.Framework.Constraints,ActualValueDelegate`1,C:\Users\dalpert\dev\Selanger.git\Selanger.Tests\bin\Debug,nunit.framework.dll,2.6.3.13283
NUnit.Framework.Constraints,AllItemsConstraint,C:\Users\dalpert\dev\Selanger.git\Selanger.Tests\bin\Debug,nunit.framework.dll,2.6.3.13283
NUnit.Framework.Constraints,AllOperator,C:\Users\dalpert\dev\Selanger.git\Selanger.Tests\bin\Debug,nunit.framework.dll,2.6.3.13283
NUnit.Framework.Constraints,AndConstraint,C:\Users\dalpert\dev\Selanger.git\Selanger.Tests\bin\Debug,nunit.framework.dll,2.6.3.13283
NUnit.Framework.Constraints,FailurePoint,C:\Users\dalpert\dev\Selanger.git\Selanger.Tests\bin\Debug,nunit.framework.dll,2.6.3.13283
NUnit.Framework.Constraints,AndOperator,C:\Users\dalpert\dev\Selanger.git\Selanger.Tests\bin\Debug,nunit.framework.dll,2.6.3.13283
NUnit.Framework.Constraints,AssignableFromConstraint,C:\Users\dalpert\dev\Selanger.git\Selanger.Tests\bin\Debug,nunit.framework.dll,2.6.3.13283
NUnit.Framework.Constraints,AssignableToConstraint,C:\Users\dalpert\dev\Selanger.git\Selanger.Tests\bin\Debug,nunit.framework.dll,2.6.3.13283
NUnit.Framework.Constraints,AttributeConstraint,C:\Users\dalpert\dev\Selanger.git\Selanger.Tests\bin\Debug,nunit.framework.dll,2.6.3.13283
NUnit.Framework.Constraints,AttributeExistsConstraint,C:\Users\dalpert\dev\Selanger.git\Selanger.Tests\bin\Debug,nunit.framework.dll,2.6.3.13283
NUnit.Framework.Constraints,AttributeOperator,C:\Users\dalpert\dev\Selanger.git\Selanger.Tests\bin\Debug,nunit.framework.dll,2.6.3.13283
NUnit.Framework.Constraints,BasicConstraint,C:\Users\dalpert\dev\Selanger.git\Selanger.Tests\bin\Debug,nunit.framework.dll,2.6.3.13283
NUnit.Framework.Constraints,BinaryConstraint,C:\Users\dalpert\dev\Selanger.git\Selanger.Tests\bin\Debug,nunit.framework.dll,2.6.3.13283
NUnit.Framework.Constraints,BinaryOperator,C:\Users\dalpert\dev\Selanger.git\Selanger.Tests\bin\Debug,nunit.framework.dll,2.6.3.13283
NUnit.Framework.Constraints,BinarySerializableConstraint,C:\Users\dalpert\dev\Selanger.git\Selanger.Tests\bin\Debug,nunit.framework.dll,2.6.3.13283
NUnit.Framework.Constraints,CollectionConstraint,C:\Users\dalpert\dev\Selanger.git\Selanger.Tests\bin\Debug,nunit.framework.dll,2.6.3.13283
NUnit.Framework.Constraints,CollectionContainsConstraint,C:\Users\dalpert\dev\Selanger.git\Selanger.Tests\bin\Debug,nunit.framework.dll,2.6.3.13283
NUnit.Framework.Constraints,CollectionEquivalentConstraint,C:\Users\dalpert\dev\Selanger.git\Selanger.Tests\bin\Debug,nunit.framework.dll,2.6.3.13283
NUnit.Framework.Constraints,CollectionItemsEqualConstraint,C:\Users\dalpert\dev\Selanger.git\Selanger.Tests\bin\Debug,nunit.framework.dll,2.6.3.13283
NUnit.Framework.Constraints,CollectionOperator,C:\Users\dalpert\dev\Selanger.git\Selanger.Tests\bin\Debug,nunit.framework.dll,2.6.3.13283
NUnit.Framework.Constraints,CollectionOrderedConstraint,C:\Users\dalpert\dev\Selanger.git\Selanger.Tests\bin\Debug,nunit.framework.dll,2.6.3.13283
NUnit.Framework.Constraints,CollectionSubsetConstraint,C:\Users\dalpert\dev\Selanger.git\Selanger.Tests\bin\Debug,nunit.framework.dll,2.6.3.13283
NUnit.Framework.Constraints,CollectionTally,C:\Users\dalpert\dev\Selanger.git\Selanger.Tests\bin\Debug,nunit.framework.dll,2.6.3.13283
NUnit.Framework.Constraints,ComparisonAdapter,C:\Users\dalpert\dev\Selanger.git\Selanger.Tests\bin\Debug,nunit.framework.dll,2.6.3.13283
NUnit.Framework.Constraints,ComparerAdapter,C:\Users\dalpert\dev\Selanger.git\Selanger.Tests\bin\Debug,nunit.framework.dll,2.6.3.13283
NUnit.Framework.Constraints,ComparerAdapter`1,C:\Users\dalpert\dev\Selanger.git\Selanger.Tests\bin\Debug,nunit.framework.dll,2.6.3.13283
NUnit.Framework.Constraints,ComparisonAdapterForComparison`1,C:\Users\dalpert\dev\Selanger.git\Selanger.Tests\bin\Debug,nunit.framework.dll,2.6.3.13283
NUnit.Framework.Constraints,DefaultComparisonAdapter,C:\Users\dalpert\dev\Selanger.git\Selanger.Tests\bin\Debug,nunit.framework.dll,2.6.3.13283
NUnit.Framework.Constraints,ComparisonConstraint,C:\Users\dalpert\dev\Selanger.git\Selanger.Tests\bin\Debug,nunit.framework.dll,2.6.3.13283
NUnit.Framework.Constraints,Constraint,C:\Users\dalpert\dev\Selanger.git\Selanger.Tests\bin\Debug,nunit.framework.dll,2.6.3.13283
NUnit.Framework.Constraints,UnsetObject,C:\Users\dalpert\dev\Selanger.git\Selanger.Tests\bin\Debug,nunit.framework.dll,2.6.3.13283
NUnit.Framework.Constraints,ConstraintBuilder,C:\Users\dalpert\dev\Selanger.git\Selanger.Tests\bin\Debug,nunit.framework.dll,2.6.3.13283
NUnit.Framework.Constraints,ConstraintStack,C:\Users\dalpert\dev\Selanger.git\Selanger.Tests\bin\Debug,nunit.framework.dll,2.6.3.13283
NUnit.Framework.Constraints,OperatorStack,C:\Users\dalpert\dev\Selanger.git\Selanger.Tests\bin\Debug,nunit.framework.dll,2.6.3.13283
NUnit.Framework.Constraints,ConstraintExpression,C:\Users\dalpert\dev\Selanger.git\Selanger.Tests\bin\Debug,nunit.framework.dll,2.6.3.13283
NUnit.Framework.Constraints,ConstraintExpressionBase,C:\Users\dalpert\dev\Selanger.git\Selanger.Tests\bin\Debug,nunit.framework.dll,2.6.3.13283
NUnit.Framework.Constraints,ConstraintFactory,C:\Users\dalpert\dev\Selanger.git\Selanger.Tests\bin\Debug,nunit.framework.dll,2.6.3.13283
NUnit.Framework.Constraints,ConstraintOperator,C:\Users\dalpert\dev\Selanger.git\Selanger.Tests\bin\Debug,nunit.framework.dll,2.6.3.13283
NUnit.Framework.Constraints,ContainsConstraint,C:\Users\dalpert\dev\Selanger.git\Selanger.Tests\bin\Debug,nunit.framework.dll,2.6.3.13283
NUnit.Framework.Constraints,DelayedConstraint,C:\Users\dalpert\dev\Selanger.git\Selanger.Tests\bin\Debug,nunit.framework.dll,2.6.3.13283
NUnit.Framework.Constraints,EmptyCollectionConstraint,C:\Users\dalpert\dev\Selanger.git\Selanger.Tests\bin\Debug,nunit.framework.dll,2.6.3.13283
NUnit.Framework.Constraints,EmptyConstraint,C:\Users\dalpert\dev\Selanger.git\Selanger.Tests\bin\Debug,nunit.framework.dll,2.6.3.13283
NUnit.Framework.Constraints,EmptyDirectoryConstraint,C:\Users\dalpert\dev\Selanger.git\Selanger.Tests\bin\Debug,nunit.framework.dll,2.6.3.13283
NUnit.Framework.Constraints,EmptyStringConstraint,C:\Users\dalpert\dev\Selanger.git\Selanger.Tests\bin\Debug,nunit.framework.dll,2.6.3.13283
NUnit.Framework.Constraints,EndsWithConstraint,C:\Users\dalpert\dev\Selanger.git\Selanger.Tests\bin\Debug,nunit.framework.dll,2.6.3.13283
NUnit.Framework.Constraints,EqualConstraint,C:\Users\dalpert\dev\Selanger.git\Selanger.Tests\bin\Debug,nunit.framework.dll,2.6.3.13283
NUnit.Framework.Constraints,EqualityAdapter,C:\Users\dalpert\dev\Selanger.git\Selanger.Tests\bin\Debug,nunit.framework.dll,2.6.3.13283
NUnit.Framework.Constraints,ComparerAdapter,C:\Users\dalpert\dev\Selanger.git\Selanger.Tests\bin\Debug,nunit.framework.dll,2.6.3.13283
NUnit.Framework.Constraints,ComparerAdapter`1,C:\Users\dalpert\dev\Selanger.git\Selanger.Tests\bin\Debug,nunit.framework.dll,2.6.3.13283
NUnit.Framework.Constraints,ComparisonAdapter`1,C:\Users\dalpert\dev\Selanger.git\Selanger.Tests\bin\Debug,nunit.framework.dll,2.6.3.13283
NUnit.Framework.Constraints,EqualityComparerAdapter,C:\Users\dalpert\dev\Selanger.git\Selanger.Tests\bin\Debug,nunit.framework.dll,2.6.3.13283
NUnit.Framework.Constraints,EqualityComparerAdapter`1,C:\Users\dalpert\dev\Selanger.git\Selanger.Tests\bin\Debug,nunit.framework.dll,2.6.3.13283
NUnit.Framework.Constraints,GenericEqualityAdapter`1,C:\Users\dalpert\dev\Selanger.git\Selanger.Tests\bin\Debug,nunit.framework.dll,2.6.3.13283
NUnit.Framework.Constraints,EqualityAdapterList,C:\Users\dalpert\dev\Selanger.git\Selanger.Tests\bin\Debug,nunit.framework.dll,2.6.3.13283
NUnit.Framework.Constraints,ExactCountConstraint,C:\Users\dalpert\dev\Selanger.git\Selanger.Tests\bin\Debug,nunit.framework.dll,2.6.3.13283
NUnit.Framework.Constraints,ExactCountOperator,C:\Users\dalpert\dev\Selanger.git\Selanger.Tests\bin\Debug,nunit.framework.dll,2.6.3.13283
NUnit.Framework.Constraints,ExactTypeConstraint,C:\Users\dalpert\dev\Selanger.git\Selanger.Tests\bin\Debug,nunit.framework.dll,2.6.3.13283
NUnit.Framework.Constraints,ExceptionInterceptor,C:\Users\dalpert\dev\Selanger.git\Selanger.Tests\bin\Debug,nunit.framework.dll,2.6.3.13283
NUnit.Framework.Constraints,ExceptionTypeConstraint,C:\Users\dalpert\dev\Selanger.git\Selanger.Tests\bin\Debug,nunit.framework.dll,2.6.3.13283
NUnit.Framework.Constraints,FailurePoint,C:\Users\dalpert\dev\Selanger.git\Selanger.Tests\bin\Debug,nunit.framework.dll,2.6.3.13283
NUnit.Framework.Constraints,FailurePointList,C:\Users\dalpert\dev\Selanger.git\Selanger.Tests\bin\Debug,nunit.framework.dll,2.6.3.13283
NUnit.Framework.Constraints,FalseConstraint,C:\Users\dalpert\dev\Selanger.git\Selanger.Tests\bin\Debug,nunit.framework.dll,2.6.3.13283
NUnit.Framework.Constraints,FloatingPointNumerics,C:\Users\dalpert\dev\Selanger.git\Selanger.Tests\bin\Debug,nunit.framework.dll,2.6.3.13283
NUnit.Framework.Constraints,DoubleLongUnion,C:\Users\dalpert\dev\Selanger.git\Selanger.Tests\bin\Debug,nunit.framework.dll,2.6.3.13283
NUnit.Framework.Constraints,FloatIntUnion,C:\Users\dalpert\dev\Selanger.git\Selanger.Tests\bin\Debug,nunit.framework.dll,2.6.3.13283
NUnit.Framework.Constraints,GenericInvocationDescriptor`1,C:\Users\dalpert\dev\Selanger.git\Selanger.Tests\bin\Debug,nunit.framework.dll,2.6.3.13283
NUnit.Framework.Constraints,GreaterThanConstraint,C:\Users\dalpert\dev\Selanger.git\Selanger.Tests\bin\Debug,nunit.framework.dll,2.6.3.13283
NUnit.Framework.Constraints,GreaterThanOrEqualConstraint,C:\Users\dalpert\dev\Selanger.git\Selanger.Tests\bin\Debug,nunit.framework.dll,2.6.3.13283
NUnit.Framework.Constraints,IInvocationDescriptor,C:\Users\dalpert\dev\Selanger.git\Selanger.Tests\bin\Debug,nunit.framework.dll,2.6.3.13283
NUnit.Framework.Constraints,IResolveConstraint,C:\Users\dalpert\dev\Selanger.git\Selanger.Tests\bin\Debug,nunit.framework.dll,2.6.3.13283
NUnit.Framework.Constraints,InstanceOfTypeConstraint,C:\Users\dalpert\dev\Selanger.git\Selanger.Tests\bin\Debug,nunit.framework.dll,2.6.3.13283
NUnit.Framework.Constraints,LessThanConstraint,C:\Users\dalpert\dev\Selanger.git\Selanger.Tests\bin\Debug,nunit.framework.dll,2.6.3.13283
NUnit.Framework.Constraints,LessThanOrEqualConstraint,C:\Users\dalpert\dev\Selanger.git\Selanger.Tests\bin\Debug,nunit.framework.dll,2.6.3.13283
NUnit.Framework.Constraints,MessageWriter,C:\Users\dalpert\dev\Selanger.git\Selanger.Tests\bin\Debug,nunit.framework.dll,2.6.3.13283
NUnit.Framework.Constraints,MsgUtils,C:\Users\dalpert\dev\Selanger.git\Selanger.Tests\bin\Debug,nunit.framework.dll,2.6.3.13283
NUnit.Framework.Constraints,NUnitComparer,C:\Users\dalpert\dev\Selanger.git\Selanger.Tests\bin\Debug,nunit.framework.dll,2.6.3.13283
NUnit.Framework.Constraints,NUnitComparer`1,C:\Users\dalpert\dev\Selanger.git\Selanger.Tests\bin\Debug,nunit.framework.dll,2.6.3.13283
NUnit.Framework.Constraints,NUnitEqualityComparer,C:\Users\dalpert\dev\Selanger.git\Selanger.Tests\bin\Debug,nunit.framework.dll,2.6.3.13283
NUnit.Framework.Constraints,RecursionDetector,C:\Users\dalpert\dev\Selanger.git\Selanger.Tests\bin\Debug,nunit.framework.dll,2.6.3.13283
NUnit.Framework.Constraints,UnorderedReferencePair,C:\Users\dalpert\dev\Selanger.git\Selanger.Tests\bin\Debug,nunit.framework.dll,2.6.3.13283
NUnit.Framework.Constraints,NaNConstraint,C:\Users\dalpert\dev\Selanger.git\Selanger.Tests\bin\Debug,nunit.framework.dll,2.6.3.13283
NUnit.Framework.Constraints,NoItemConstraint,C:\Users\dalpert\dev\Selanger.git\Selanger.Tests\bin\Debug,nunit.framework.dll,2.6.3.13283
NUnit.Framework.Constraints,NoneOperator,C:\Users\dalpert\dev\Selanger.git\Selanger.Tests\bin\Debug,nunit.framework.dll,2.6.3.13283
NUnit.Framework.Constraints,NotConstraint,C:\Users\dalpert\dev\Selanger.git\Selanger.Tests\bin\Debug,nunit.framework.dll,2.6.3.13283
NUnit.Framework.Constraints,NotOperator,C:\Users\dalpert\dev\Selanger.git\Selanger.Tests\bin\Debug,nunit.framework.dll,2.6.3.13283
NUnit.Framework.Constraints,NullConstraint,C:\Users\dalpert\dev\Selanger.git\Selanger.Tests\bin\Debug,nunit.framework.dll,2.6.3.13283
NUnit.Framework.Constraints,NullOrEmptyStringConstraint,C:\Users\dalpert\dev\Selanger.git\Selanger.Tests\bin\Debug,nunit.framework.dll,2.6.3.13283
NUnit.Framework.Constraints,Numerics,C:\Users\dalpert\dev\Selanger.git\Selanger.Tests\bin\Debug,nunit.framework.dll,2.6.3.13283
NUnit.Framework.Constraints,OrConstraint,C:\Users\dalpert\dev\Selanger.git\Selanger.Tests\bin\Debug,nunit.framework.dll,2.6.3.13283
NUnit.Framework.Constraints,OrOperator,C:\Users\dalpert\dev\Selanger.git\Selanger.Tests\bin\Debug,nunit.framework.dll,2.6.3.13283
NUnit.Framework.Constraints,PathConstraint,C:\Users\dalpert\dev\Selanger.git\Selanger.Tests\bin\Debug,nunit.framework.dll,2.6.3.13283
NUnit.Framework.Constraints,PredicateConstraint`1,C:\Users\dalpert\dev\Selanger.git\Selanger.Tests\bin\Debug,nunit.framework.dll,2.6.3.13283
NUnit.Framework.Constraints,PrefixConstraint,C:\Users\dalpert\dev\Selanger.git\Selanger.Tests\bin\Debug,nunit.framework.dll,2.6.3.13283
NUnit.Framework.Constraints,PrefixOperator,C:\Users\dalpert\dev\Selanger.git\Selanger.Tests\bin\Debug,nunit.framework.dll,2.6.3.13283
NUnit.Framework.Constraints,PropOperator,C:\Users\dalpert\dev\Selanger.git\Selanger.Tests\bin\Debug,nunit.framework.dll,2.6.3.13283
NUnit.Framework.Constraints,PropertyConstraint,C:\Users\dalpert\dev\Selanger.git\Selanger.Tests\bin\Debug,nunit.framework.dll,2.6.3.13283
NUnit.Framework.Constraints,PropertyExistsConstraint,C:\Users\dalpert\dev\Selanger.git\Selanger.Tests\bin\Debug,nunit.framework.dll,2.6.3.13283
NUnit.Framework.Constraints,RangeConstraint`1,C:\Users\dalpert\dev\Selanger.git\Selanger.Tests\bin\Debug,nunit.framework.dll,2.6.3.13283
NUnit.Framework.Constraints,RegexConstraint,C:\Users\dalpert\dev\Selanger.git\Selanger.Tests\bin\Debug,nunit.framework.dll,2.6.3.13283
NUnit.Framework.Constraints,ResolvableConstraintExpression,C:\Users\dalpert\dev\Selanger.git\Selanger.Tests\bin\Debug,nunit.framework.dll,2.6.3.13283
NUnit.Framework.Constraints,ReusableConstraint,C:\Users\dalpert\dev\Selanger.git\Selanger.Tests\bin\Debug,nunit.framework.dll,2.6.3.13283
NUnit.Framework.Constraints,SameAsConstraint,C:\Users\dalpert\dev\Selanger.git\Selanger.Tests\bin\Debug,nunit.framework.dll,2.6.3.13283
NUnit.Framework.Constraints,SamePathConstraint,C:\Users\dalpert\dev\Selanger.git\Selanger.Tests\bin\Debug,nunit.framework.dll,2.6.3.13283
NUnit.Framework.Constraints,SamePathOrUnderConstraint,C:\Users\dalpert\dev\Selanger.git\Selanger.Tests\bin\Debug,nunit.framework.dll,2.6.3.13283
NUnit.Framework.Constraints,SelfResolvingOperator,C:\Users\dalpert\dev\Selanger.git\Selanger.Tests\bin\Debug,nunit.framework.dll,2.6.3.13283
NUnit.Framework.Constraints,SomeItemsConstraint,C:\Users\dalpert\dev\Selanger.git\Selanger.Tests\bin\Debug,nunit.framework.dll,2.6.3.13283
NUnit.Framework.Constraints,SomeOperator,C:\Users\dalpert\dev\Selanger.git\Selanger.Tests\bin\Debug,nunit.framework.dll,2.6.3.13283
NUnit.Framework.Constraints,StartsWithConstraint,C:\Users\dalpert\dev\Selanger.git\Selanger.Tests\bin\Debug,nunit.framework.dll,2.6.3.13283
NUnit.Framework.Constraints,StringConstraint,C:\Users\dalpert\dev\Selanger.git\Selanger.Tests\bin\Debug,nunit.framework.dll,2.6.3.13283
NUnit.Framework.Constraints,SubPathConstraint,C:\Users\dalpert\dev\Selanger.git\Selanger.Tests\bin\Debug,nunit.framework.dll,2.6.3.13283
NUnit.Framework.Constraints,SubstringConstraint,C:\Users\dalpert\dev\Selanger.git\Selanger.Tests\bin\Debug,nunit.framework.dll,2.6.3.13283
NUnit.Framework.Constraints,ThrowsConstraint,C:\Users\dalpert\dev\Selanger.git\Selanger.Tests\bin\Debug,nunit.framework.dll,2.6.3.13283
NUnit.Framework.Constraints,ThrowsNothingConstraint,C:\Users\dalpert\dev\Selanger.git\Selanger.Tests\bin\Debug,nunit.framework.dll,2.6.3.13283
NUnit.Framework.Constraints,ThrowsOperator,C:\Users\dalpert\dev\Selanger.git\Selanger.Tests\bin\Debug,nunit.framework.dll,2.6.3.13283
NUnit.Framework.Constraints,Tolerance,C:\Users\dalpert\dev\Selanger.git\Selanger.Tests\bin\Debug,nunit.framework.dll,2.6.3.13283
NUnit.Framework.Constraints,ToleranceMode,C:\Users\dalpert\dev\Selanger.git\Selanger.Tests\bin\Debug,nunit.framework.dll,2.6.3.13283
NUnit.Framework.Constraints,TrueConstraint,C:\Users\dalpert\dev\Selanger.git\Selanger.Tests\bin\Debug,nunit.framework.dll,2.6.3.13283
NUnit.Framework.Constraints,TypeConstraint,C:\Users\dalpert\dev\Selanger.git\Selanger.Tests\bin\Debug,nunit.framework.dll,2.6.3.13283
NUnit.Framework.Constraints,UniqueItemsConstraint,C:\Users\dalpert\dev\Selanger.git\Selanger.Tests\bin\Debug,nunit.framework.dll,2.6.3.13283
NUnit.Framework.Constraints,VoidInvocationDescriptor,C:\Users\dalpert\dev\Selanger.git\Selanger.Tests\bin\Debug,nunit.framework.dll,2.6.3.13283
NUnit.Framework.Constraints,WithOperator,C:\Users\dalpert\dev\Selanger.git\Selanger.Tests\bin\Debug,nunit.framework.dll,2.6.3.13283
NUnit.Framework.Constraints,XmlSerializableConstraint,C:\Users\dalpert\dev\Selanger.git\Selanger.Tests\bin\Debug,nunit.framework.dll,2.6.3.13283
